mode: set
CLI_go_monitor/internal/config/config.go:26.47,28.16 2 1
CLI_go_monitor/internal/config/config.go:28.16,30.3 1 0
CLI_go_monitor/internal/config/config.go:31.2,32.51 2 1
CLI_go_monitor/internal/config/config.go:32.51,34.3 1 0
CLI_go_monitor/internal/config/config.go:35.2,35.18 1 1
CLI_go_monitor/internal/config/config.go:39.47,41.16 2 0
CLI_go_monitor/internal/config/config.go:41.16,43.3 1 0
CLI_go_monitor/internal/config/config.go:44.2,47.17 4 0
CLI_go_monitor/internal/config/config.go:51.26,55.2 3 0
CLI_go_monitor/internal/config/config.go:58.61,60.16 2 0
CLI_go_monitor/internal/config/config.go:60.16,62.3 1 0
CLI_go_monitor/internal/config/config.go:64.2,64.41 1 0
CLI_go_monitor/internal/config/config.go:64.41,67.3 2 0
CLI_go_monitor/internal/config/config.go:69.2,69.12 1 0
CLI_go_monitor/internal/config/config.go:69.12,71.7 2 0
CLI_go_monitor/internal/config/config.go:71.7,72.11 1 0
CLI_go_monitor/internal/config/config.go:73.39,74.12 1 0
CLI_go_monitor/internal/config/config.go:74.12,76.6 1 0
CLI_go_monitor/internal/config/config.go:77.5,77.50 1 0
CLI_go_monitor/internal/config/config.go:77.50,80.20 3 0
CLI_go_monitor/internal/config/config.go:80.20,84.26 4 0
CLI_go_monitor/internal/config/config.go:84.26,86.8 1 0
CLI_go_monitor/internal/config/config.go:87.12,89.7 1 0
CLI_go_monitor/internal/config/config.go:91.37,92.12 1 0
CLI_go_monitor/internal/config/config.go:92.12,94.6 1 0
CLI_go_monitor/internal/config/config.go:95.5,95.39 1 0
CLI_go_monitor/internal/config/config.go:100.2,100.12 1 0
CLI_go_monitor/cmd/main.go:6.13,8.2 1 0
CLI_go_monitor/internal/monitor/logger.go:37.64,39.13 2 1
CLI_go_monitor/internal/monitor/logger.go:39.13,48.3 2 1
CLI_go_monitor/internal/monitor/logger.go:48.8,51.3 1 1
CLI_go_monitor/internal/monitor/logger.go:52.2,56.3 1 1
CLI_go_monitor/internal/monitor/logger.go:59.44,62.16 3 1
CLI_go_monitor/internal/monitor/logger.go:62.16,64.3 1 1
CLI_go_monitor/internal/monitor/logger.go:65.2,65.19 1 1
CLI_go_monitor/internal/monitor/logger.go:65.19,67.3 1 1
CLI_go_monitor/internal/monitor/logger.go:71.35,73.2 1 1
CLI_go_monitor/internal/monitor/logger.go:76.35,78.2 1 1
CLI_go_monitor/internal/monitor/logger.go:81.36,83.2 1 1
CLI_go_monitor/internal/monitor/logger_mock.go:9.39,11.2 1 1
CLI_go_monitor/internal/monitor/logger_mock.go:14.39,16.2 1 1
CLI_go_monitor/internal/monitor/logger_mock.go:19.40,21.2 1 1
CLI_go_monitor/internal/monitor/logger_mock.go:24.30,26.2 1 1
CLI_go_monitor/internal/plugins/check.go:33.62,35.16 2 0
CLI_go_monitor/internal/plugins/check.go:35.16,37.3 1 0
CLI_go_monitor/internal/plugins/check.go:38.2,42.28 4 0
CLI_go_monitor/internal/plugins/check.go:45.62,47.16 2 0
CLI_go_monitor/internal/plugins/check.go:47.16,49.3 1 0
CLI_go_monitor/internal/plugins/check.go:50.2,53.16 3 0
CLI_go_monitor/internal/plugins/check.go:53.16,55.3 1 0
CLI_go_monitor/internal/plugins/check.go:56.2,56.28 1 0
CLI_go_monitor/internal/plugins/check.go:56.28,58.17 2 0
CLI_go_monitor/internal/plugins/check.go:58.17,60.4 1 0
CLI_go_monitor/internal/plugins/check.go:61.3,62.17 2 0
CLI_go_monitor/internal/plugins/check.go:62.17,64.4 1 0
CLI_go_monitor/internal/plugins/check.go:65.3,66.17 2 0
CLI_go_monitor/internal/plugins/check.go:66.17,68.4 1 0
CLI_go_monitor/internal/plugins/check.go:69.3,69.20 1 0
CLI_go_monitor/internal/plugins/check.go:69.20,71.4 1 0
CLI_go_monitor/internal/plugins/check.go:71.9,73.4 1 0
CLI_go_monitor/internal/plugins/check.go:74.3,74.28 1 0
CLI_go_monitor/internal/plugins/check.go:76.2,77.12 2 0
CLI_go_monitor/internal/plugins/check.go:81.103,82.20 1 1
CLI_go_monitor/internal/plugins/check.go:82.20,84.3 1 0
CLI_go_monitor/internal/plugins/check.go:86.2,91.27 4 1
CLI_go_monitor/internal/plugins/check.go:91.27,93.23 2 1
CLI_go_monitor/internal/plugins/check.go:93.23,98.18 5 1
CLI_go_monitor/internal/plugins/check.go:98.18,101.5 2 1
CLI_go_monitor/internal/plugins/check.go:101.10,104.5 2 1
CLI_go_monitor/internal/plugins/check.go:105.4,108.22 3 1
CLI_go_monitor/internal/plugins/check.go:108.22,111.5 2 1
CLI_go_monitor/internal/plugins/check.go:111.10,114.5 2 1
CLI_go_monitor/internal/plugins/check.go:118.2,123.29 5 1
CLI_go_monitor/internal/plugins/check.go:123.29,125.23 2 1
CLI_go_monitor/internal/plugins/check.go:125.23,127.4 1 1
CLI_go_monitor/internal/plugins/check.go:127.9,129.4 1 1
CLI_go_monitor/internal/plugins/check.go:132.2,136.22 4 1
CLI_go_monitor/internal/plugins/check.go:136.22,137.56 1 0
CLI_go_monitor/internal/plugins/check.go:137.56,139.4 1 0
CLI_go_monitor/internal/plugins/check.go:142.2,142.22 1 1
CLI_go_monitor/internal/plugins/check.go:142.22,143.56 1 0
CLI_go_monitor/internal/plugins/check.go:143.56,145.4 1 0
CLI_go_monitor/internal/plugins/check.go:148.2,148.12 1 1
CLI_go_monitor/internal/plugins/check.go:155.54,157.3 1 0
CLI_go_monitor/internal/plugins/check.go:160.13,169.2 7 1
CLI_go_monitor/internal/plugins/root.go:17.16,18.42 1 0
CLI_go_monitor/internal/plugins/root.go:18.42,21.3 2 0
CLI_go_monitor/internal/plugins/slack.go:18.57,25.2 1 1
CLI_go_monitor/internal/plugins/slack.go:28.39,30.2 1 1
CLI_go_monitor/internal/plugins/slack.go:33.53,34.24 1 1
CLI_go_monitor/internal/plugins/slack.go:34.24,36.3 1 0
CLI_go_monitor/internal/plugins/slack.go:39.2,60.16 3 1
CLI_go_monitor/internal/plugins/slack.go:60.16,62.3 1 0
CLI_go_monitor/internal/plugins/slack.go:65.2,70.16 2 1
CLI_go_monitor/internal/plugins/slack.go:70.16,72.3 1 0
CLI_go_monitor/internal/plugins/slack.go:73.2,76.38 2 1
CLI_go_monitor/internal/plugins/slack.go:76.38,78.3 1 0
CLI_go_monitor/internal/plugins/slack.go:80.2,80.12 1 1
CLI_go_monitor/internal/plugins/start.go:27.44,28.11 1 1
CLI_go_monitor/internal/plugins/start.go:29.14,30.22 1 1
CLI_go_monitor/internal/plugins/start.go:31.14,32.22 1 0
CLI_go_monitor/internal/plugins/start.go:33.15,34.23 1 0
CLI_go_monitor/internal/plugins/start.go:35.10,36.22 1 0
CLI_go_monitor/internal/plugins/start.go:44.54,45.45 1 0
CLI_go_monitor/internal/plugins/start.go:45.45,47.4 1 0
CLI_go_monitor/internal/plugins/start.go:49.3,53.23 4 0
CLI_go_monitor/internal/plugins/start.go:53.23,55.18 2 0
CLI_go_monitor/internal/plugins/start.go:55.18,57.5 1 0
CLI_go_monitor/internal/plugins/start.go:58.4,61.25 4 0
CLI_go_monitor/internal/plugins/start.go:62.9,66.4 3 0
CLI_go_monitor/internal/plugins/start.go:68.3,68.21 1 0
CLI_go_monitor/internal/plugins/start.go:68.21,70.4 1 0
CLI_go_monitor/internal/plugins/start.go:72.3,75.13 3 0
CLI_go_monitor/internal/plugins/start.go:75.13,81.23 4 0
CLI_go_monitor/internal/plugins/start.go:81.23,83.30 2 0
CLI_go_monitor/internal/plugins/start.go:83.30,84.24 1 0
CLI_go_monitor/internal/plugins/start.go:84.24,87.21 3 0
CLI_go_monitor/internal/plugins/start.go:87.21,91.8 3 0
CLI_go_monitor/internal/plugins/start.go:91.13,95.8 3 0
CLI_go_monitor/internal/plugins/start.go:98.5,98.14 1 0
CLI_go_monitor/internal/plugins/start.go:102.3,103.80 2 0
CLI_go_monitor/internal/plugins/start.go:103.80,105.4 1 0
CLI_go_monitor/internal/plugins/start.go:106.3,116.13 8 0
CLI_go_monitor/internal/plugins/start.go:120.13,126.2 5 1
CLI_go_monitor/internal/plugins/status.go:13.54,16.17 3 0
CLI_go_monitor/internal/plugins/status.go:16.17,19.4 2 0
CLI_go_monitor/internal/plugins/status.go:20.3,21.13 2 0
CLI_go_monitor/internal/plugins/status.go:25.13,27.2 1 1
CLI_go_monitor/internal/plugins/stop.go:16.54,19.17 3 0
CLI_go_monitor/internal/plugins/stop.go:19.17,21.4 1 0
CLI_go_monitor/internal/plugins/stop.go:22.3,23.17 2 0
CLI_go_monitor/internal/plugins/stop.go:23.17,25.4 1 0
CLI_go_monitor/internal/plugins/stop.go:26.3,27.17 2 0
CLI_go_monitor/internal/plugins/stop.go:27.17,29.4 1 0
CLI_go_monitor/internal/plugins/stop.go:30.3,30.57 1 0
CLI_go_monitor/internal/plugins/stop.go:30.57,32.4 1 0
CLI_go_monitor/internal/plugins/stop.go:33.3,33.44 1 0
CLI_go_monitor/internal/plugins/stop.go:33.44,35.4 1 0
CLI_go_monitor/internal/plugins/stop.go:36.3,37.13 2 0
CLI_go_monitor/internal/plugins/stop.go:41.13,43.2 1 1
CLI_go_monitor/internal/core/monitor.go:10.58,15.16 3 1
CLI_go_monitor/internal/core/monitor.go:15.16,17.3 1 1
CLI_go_monitor/internal/core/monitor.go:18.2,19.81 2 1
CLI_go_monitor/internal/core/monitor.go:19.81,21.3 1 1
CLI_go_monitor/internal/core/monitor.go:22.2,22.54 1 1
