2025/09/22 20:14:17 https://www.google.com                   [OK]
2025/09/22 20:14:17 https://www.badurl.com                   [FAIL] HTTP status 403
2025/09/22 20:14:17 
Summary: 1 successful, 1 failed

2025/09/22 20:14:40 https://www.google.com                   [OK]
2025/09/22 20:14:40 https://www.badurl.com                   [FAIL] HTTP status 403
2025/09/22 20:14:40 
Summary: 1 successful, 1 failed

2025/09/23 22:40:58 https://www.google.com                   [OK]
2025/09/23 22:40:59 https://www.badurl.com                   [FAIL] HTTP status 403
2025/09/23 22:40:59 
Summary: 1 successful, 1 failed

2025/09/23 22:55:39 https://www.google.com                   [OK]
2025/09/23 22:55:39 https://www.badurl.com                   [FAIL] HTTP status 403
2025/09/23 22:55:39 
Summary: 1 successful, 1 failed

2025/09/23 23:07:02 https://www.google.com                   [OK]
2025/09/23 23:07:03 https://www.badurl.com                   [FAIL] HTTP status 403
2025/09/23 23:07:03 
Summary: 1 successful, 1 failed

2025/09/28 13:04:05 https://www.badurl.com                   [FAIL] HTTP status 403
2025/09/28 13:04:09 https://www.google.com                   [FAIL] Get "https://www.google.com": context deadline exceeded (Client.Timeout exceeded while awaiting headers)
2025/09/28 13:04:09 
Summary: 0 successful, 2 failed

2025/09/28 13:26:53 https://www.badurl.com                   [FAIL] HTTP status 403
2025/09/28 13:26:57 https://www.google.com                   [FAIL] Get "https://www.google.com": context deadline exceeded (Client.Timeout exceeded while awaiting headers)
2025/09/28 13:26:57 
Summary: 0 successful, 2 failed

2025/09/28 13:43:14 https://www.badurl.com                   [FAIL] HTTP status 403
2025/09/28 13:43:18 https://www.google.com                   [FAIL] Get "https://www.google.com": context deadline exceeded (Client.Timeout exceeded while awaiting headers)
2025/09/28 13:43:18 
Summary: 0 successful, 2 failed

2025/09/28 13:44:59 https://www.badurl.com                   [FAIL] HTTP status 403
2025/09/28 13:45:08 https://www.google.com                   [FAIL] Get "https://www.google.com": context deadline exceeded (Client.Timeout exceeded while awaiting headers)
2025/09/28 13:45:08 
Summary: 0 successful, 2 failed

2025/09/28 14:40:18 https://www.google.com                   [OK]
2025/09/28 14:40:18 https://www.badurl.com                   [FAIL] HTTP status 403
2025/09/28 14:40:18 
Summary: 1 successful, 1 failed

2025/09/28 18:18:27 https://www.google.com                   [OK]
2025/09/28 18:18:27 https://www.badurl.com                   [FAIL] HTTP status 403
2025/09/28 18:18:27 
Summary: 1 successful, 1 failed

